Build target 'Counter'
linking...
*** WARNING L57: UNCALLED FUNCTION, IGNORED FOR OVERLAY PROCESS
    NAME:    BTN_TIME_2_5SEC_CALLBACK/MAIN

*** WARNING L57: UNCALLED FUNCTION, IGNORED FOR OVERLAY PROCESS
    NAME:    BTN_TIME_3SEC_CALLBACK/MAIN

*** WARNING L57: UNCALLED FUNCTION, IGNORED FOR OVERLAY PROCESS
    NAME:    _READ_APROM_BYTE/COMMON

*** WARNING L57: UNCALLED FUNCTION, IGNORED FOR OVERLAY PROCESS
    NAME:    _SOFTWARE_RESET/COMMON

*** WARNING L57: UNCALLED FUNCTION, IGNORED FOR OVERLAY PROCESS
    NAME:    _FSYSSELECT/SYS

*** WARNING L57: UNCALLED FUNCTION, IGNORED FOR OVERLAY PROCESS
    NAME:    _CLOCKDISABLE/SYS

Program Size: data=42.4 xdata=98 const=16 code=5804
creating hex file from ".\Output\show_raw_value"...
User command #1: D:\00.SOFTWARE\KEILC_8051\\C51\NULink\Hex2Bin.exe .\output\show_raw_value.hex
>>> show_raw_value.bin Checksum = 0xB836 <<<
>>> show_raw_value.bin CRC-8 Checksum = 0x41 <<<
".\Output\show_raw_value" - 0 Error(s), 6 Warning(s).
Build Time Elapsed:  00:00:00
