C51 COMPILER V9.60.7.0   MAIN                                                              03/02/2025 23:10:51 PAGE 1   


C51 COMPILER V9.60.7.0, COMPILATION OF MODULE MAIN
OBJECT MODULE PLACED IN .\Output\main.obj
COMPILER INVOKED BY: D:\00.SOFTWARE\KEILC_8051\C51\BIN\C51.EXE ..\src\main.c LARGE OMF2 OPTIMIZE(7,SPEED) BROWSE INCDIR(
                    -..\Library\Device\Include;..\Library\StdDriver\inc;..\inc) DEFINE(CLOCK=4000000) DEBUG PRINT(.\lst\main.lst) TABS(2) OBJ
                    -ECT(.\Output\main.obj)

line level    source

   1          /*--------------------------------------------------------------------------------------------------------
             --*/
   2          /*                                                                                                        
             - */
   3          /* SPDX-License-Identifier: Apache-2.0                                                                    
             - */
   4          /* Copyright(c) 2020 Nuvoton Technology Corp. All rights reserved.                                        
             - */
   5          /*                                                                                                        
             - */
   6          /*--------------------------------------------------------------------------------------------------------
             --*/
   7          
   8          #include "MS51_16K.H"
   9          #include "htim.h"
  10          #include "usr_i2c.h"
  11          #include "eeprom.h"
  12          #include "vcnl4040.h"
  13          
  14          #define CALIBRATION_ENABLE 1
  15          #define SYS_MODE_A 0
  16          #define SYS_MODE_B 1
  17          #define _Sys_Mode UINT8
  18          
  19          
  20          #define LCD_DOT 0x80
  21          
  22          #define LCD_PWM_ON P05 = 1
  23          #define LCD_PWM_OFF P05 = 0
  24          
  25          #define LCD_SCK_HIGH P04 = 1
  26          #define LCD_SCK_LOW P04 = 0
  27          
  28          #define LCD_LAT_HIGH P03 = 1
  29          #define LCD_LAT_LOW P03 = 0
  30          
  31          #define LCD_DATA P01
  32          #define LCD_DATA_HIGH P01 = 1
  33          #define LCD_DATA_LOW P01 = 0
  34          
  35          #define BUTTON_PRESSED !P07
  36          #define IS_SYS_RUN_MOD_A P30
  37          #define TIMOUT_NON_DETECT_OBJ 1800000 // ms
  38          
  39          #define DETECT_THRESHOLD_NOT_SET 0
  40          
  41          #define TIME_CHECK_OBJECT 300 // ms
  42          
  43          #define TIME_COUNT_OFFJECT 1500 // ms
  44          #define OBJECT_INC_TIMES TIME_COUNT_OFFJECT / TIME_CHECK_OBJECT
  45          
  46          #define NON_DETECT_COUNT 5
  47          #define TIME_COUNT_NON_OFFJECT 1500 // ms (NON_DETECT_COUNT * TIME_CHECK_OBJECT)
C51 COMPILER V9.60.7.0   MAIN                                                              03/02/2025 23:10:51 PAGE 2   

  48          #define TIMEOUT_TO_DECREASE_VALUE (17000 - TIME_COUNT_NON_OFFJECT)
  49          
  50          #define SYSTEM_OK 0
  51          #define ERROR_VCNL_NOT_PRESENT 1
  52          #define ERROR_VCNL_READ_FAIL 2
  53          
  54          code const char LCD_CODE[] = {0x7E, 0x48, 0x3D, 0x6D, 0x4B, 0x67, 0x77, 0x4C, 0x7F, 0x6F, 0x5F, 0x00, 0x00
             -, 0x00, 0x00, 0x00};
  55          
  56          data UINT16 valueps;
  57          data UINT16 obj_count = 0;
  58          data UINT16 old_obj_count = 0xFFFF; // dif obj_count
  59          
  60          data UINT16 btn_count = 0;
  61          data UINT32 btn_time = 0;
  62          data UINT32 last_btn_time = 0;
  63          
  64          data UINT8 ss_read_fail = 0;
  65          data UINT8 isCablibmode = 0;
  66          data UINT32 non_dect_timout = 0xFFFFFF;
  67          data UINT8 system_error_code = 0;
  68          data UINT16 DETECT_THRESHOLD = 0;
  69          
  70          
  71          data UINT32 ttime = 0;
  72          // data UINT16 cnt_ok = 0;
  73          data  UINT16 object_detected = 0;
  74          data  UINT8 non_object_detected = NON_DETECT_COUNT;
  75          data  UINT32 time_new_obj = 0xFFFFFFFF;
  76          data _Sys_Mode Sys_Mode = SYS_MODE_B;
  77          data UINT8 lcd_data[3];
  78          
  79          
  80          
  81          data UINT32 Timm = 0;
  82          
  83          void sys_set_err_code(UINT8 err)
  84          {
  85   1        system_error_code = 0x80;
  86   1        system_error_code += (err & 0x7F);
  87   1      }
  88          
  89          void sys_clr_err_code()
  90          {
  91   1        system_error_code = SYSTEM_OK;
  92   1      }
  93          
  94          void LCD_show(UINT16 count);
  95          
  96          #define EEPROM_ADDR 0x3882
  97          #define EEPROM_KEY 0x5A
  98          typedef struct
  99          {
 100            UINT16 threshold;
 101            UINT8 KEY;
 102          } __struct_data;
 103          
 104          data __struct_data struct_data;
 105          
 106          void usr_read_eeprom_data()
 107          {
 108   1        Read_DATAFLASH_ARRAY(EEPROM_ADDR, (unsigned char *)&struct_data, sizeof(__struct_data));
C51 COMPILER V9.60.7.0   MAIN                                                              03/02/2025 23:10:51 PAGE 3   

 109   1      }
 110          
 111          void usr_write_eeprom_data()
 112          {
 113   1        Write_DATAFLASH_ARRAY(EEPROM_ADDR, (unsigned char *)&struct_data, sizeof(__struct_data));
 114   1      }
 115          
 116          void usr_reset_eeprom_data()
 117          {
 118   1        struct_data.KEY = EEPROM_KEY + 1; // dif key to reset all to 0
 119   1        usr_write_eeprom_data();
 120   1      }
 121          
 122          int eeprom_data_init()
 123          {
 124   1        usr_read_eeprom_data();
 125   1        if (struct_data.KEY != EEPROM_KEY)
 126   1        { // eeprom not init yet
 127   2          struct_data.threshold = 0;
 128   2          struct_data.KEY = EEPROM_KEY;
 129   2          usr_write_eeprom_data();
 130   2          return 1;
 131   2        }
 132   1        return 0;
 133   1      }
 134          
 135          void system_reset()
 136          {
 137   1        //  struct_data.cnt_mode_A = obj_count;
 138   1        //  struct_data.cnt_mode_B = btn_count;
 139   1        //  usr_write_eeprom_data(struct_data);
 140   1        set_SWRST;
 141   1      }
 142          
 143          void system_shutdown()
 144          {
 145   1        data UINT8 system_shutdown_cnt = 0;
 146   1        BOD_DISABLE;
 147   1        ALL_GPIO_INPUT_MODE;
 148   1        ENABLE_BIT7_FALLINGEDGE_TRIG;
 149   1        ENABLE_PIN_INTERRUPT;
 150   1        ENABLE_GLOBAL_INTERRUPT;
 151   1        while (1)
 152   1        {
 153   2          HAL_TIM_Pause();
 154   2          LCD_PWM_OFF;
 155   2          set_PCON_PD;
 156   2          HAL_TIM_run();
 157   2          HAL_Delay(150);
 158   2          if (BUTTON_PRESSED)
 159   2          { // debound buton
 160   3            while (BUTTON_PRESSED)
 161   3            {
 162   4              HAL_Delay(100);
 163   4              system_shutdown_cnt++;
 164   4            }
 165   3            if (system_shutdown_cnt > 15)
 166   3            {
 167   4              usr_reset_eeprom_data();
 168   4            }
 169   3            break;
 170   3          }
C51 COMPILER V9.60.7.0   MAIN                                                              03/02/2025 23:10:51 PAGE 4   

 171   2        }
 172   1        system_reset();
 173   1      }
 174          void LCD_INIT()
 175          {
 176   1        // P05 LCD_PW out
 177   1        // P04 LCD_SCK out
 178   1        // P03 LCD_LAT out
 179   1        // P01 LCD_DATA out
 180   1        P0M1 &= 0xC5;  // 0b11000101;
 181   1        P0M2 |= ~0xC5; // 0b00111010;
 182   1        LCD_PWM_ON;
 183   1        LCD_SCK_LOW;
 184   1        LCD_LAT_LOW;
 185   1        LCD_DATA_LOW;
 186   1      }
 187          void LCD_Delay(UINT8 dl)
 188          {
 189   1        int i;
 190   1        for (i = 0; i < dl; i++)
 191   1        {
 192   2        }
 193   1      }
 194          
 195          void LCD_send_bytes()
 196          {
 197   1        xdata INT8 i, j;
 198   1        LCD_LAT_LOW;
 199   1        for (i = 2; i >= 0; i--)
 200   1        {
 201   2          for (j = 7; j >= 0; j--)
 202   2          {
 203   3            LCD_SCK_LOW;
 204   3            LCD_DATA = ((lcd_data[i] >> j) & 0x01);
 205   3            LCD_Delay(5);
 206   3            LCD_SCK_HIGH;
 207   3            LCD_Delay(5);
 208   3          }
 209   2        }
 210   1        LCD_LAT_HIGH;
 211   1        LCD_Delay(10);
 212   1        LCD_LAT_LOW;
 213   1      }
 214          
 215          
 216          void LCD_show(UINT16 count)
 217          {
 218   1        data UINT8 i;
 219   1      
 220   1        if (system_error_code)
 221   1        {
 222   2          lcd_data[0] = 0x37; // E
 223   2          lcd_data[2] = LCD_CODE[(system_error_code & 0x7F) % 10];
 224   2          lcd_data[1] = LCD_CODE[((system_error_code & 0x7F) / 10) % 10];
 225   2        }
 226   1        else
 227   1        {
 228   2          if (Sys_Mode == SYS_MODE_B)
 229   2          {
 230   3            btn_count = (btn_count % 1000);
 231   3            lcd_data[2] = LCD_CODE[btn_count % 10];
 232   3            lcd_data[1] = LCD_CODE[(btn_count / 10) % 10];
C51 COMPILER V9.60.7.0   MAIN                                                              03/02/2025 23:10:51 PAGE 5   

 233   3            lcd_data[0] = LCD_CODE[btn_count / 100];
 234   3          }
 235   2          else if (isCablibmode == 1)
 236   2          {
 237   3            lcd_data[0] = LCD_CODE[8];
 238   3            lcd_data[1] = LCD_CODE[8] + LCD_DOT;
 239   3            lcd_data[2] = LCD_CODE[8];
 240   3          }
 241   2          else if (isCablibmode == 2)
 242   2          {
 243   3            count = (count % 1000);
 244   3            lcd_data[2] = LCD_CODE[count % 10];
 245   3            lcd_data[1] = LCD_CODE[(count / 10) % 10];
 246   3            lcd_data[0] = LCD_CODE[count / 100];
 247   3          }
 248   2          else
 249   2          {
 250   3            count = (count % 198);
 251   3            lcd_data[0] = LCD_CODE[(count + 1) / 20];
 252   3            lcd_data[1] = LCD_CODE[(((count + 1) / 2) % 10)] + LCD_DOT;
 253   3            lcd_data[2] = LCD_CODE[0];
 254   3      
 255   3            if (count)
 256   3            {
 257   4              lcd_data[2] = LCD_CODE[2];
 258   4              if (count % 2)
 259   4              {
 260   5                lcd_data[2] = LCD_CODE[1];
 261   5              }
 262   4            }
 263   3          }
 264   2        }
 265   1        for (i = 0; i < 2; i++)
 266   1        {
 267   2          if (lcd_data[i] != LCD_CODE[0])
 268   2          {
 269   3            break;
 270   3          }
 271   2          lcd_data[i] = 0x00; // off;
 272   2        }
 273   1      
 274   1        LCD_send_bytes();
 275   1        LCD_Delay(5);
 276   1        lcd_data[0] = lcd_data[1] = lcd_data[2] = 0x00;
 277   1        LCD_send_bytes();
 278   1        LCD_Delay(5);
 279   1      }
 280          
 281          void reset_counter()
 282          { 
 283   1        ss_read_fail = 0;
 284   1        ttime = HAL_GetTick() + TIME_CHECK_OBJECT;
 285   1        object_detected = 0;
 286   1        obj_count = 0;
 287   1        time_new_obj = 0xFFFFFFFF;
 288   1      }
 289          
 290          void Process_VCNL(void)
 291          {
 292   1      
 293   1        if (HAL_GetTick() > time_new_obj)
 294   1        {
C51 COMPILER V9.60.7.0   MAIN                                                              03/02/2025 23:10:51 PAGE 6   

 295   2          if (obj_count)
 296   2          {
 297   3            obj_count--;
 298   3          }
 299   2          time_new_obj = 0xFFFFFFFF;
 300   2        }
 301   1      
 302   1        if (HAL_GetTick() > ttime)
 303   1        {
 304   2          if (VCNL_getProximity(&valueps))
 305   2          {
 306   3            // cnt_ok++;
 307   3            if (valueps > DETECT_THRESHOLD)
 308   3            {
 309   4              ss_read_fail = 0;
 310   4              object_detected++;
 311   4              non_object_detected = NON_DETECT_COUNT;
 312   4              if (object_detected == OBJECT_INC_TIMES)
 313   4              {
 314   5                obj_count++;
 315   5                time_new_obj = 0xFFFFFFFF;
 316   5              }
 317   4            }
 318   3            else if (object_detected >= OBJECT_INC_TIMES)
 319   3            {
 320   4              non_object_detected--;
 321   4              object_detected = 0;
 322   4              if (!non_object_detected)
 323   4              {
 324   5                
 325   5                non_object_detected = NON_DETECT_COUNT;
 326   5                if (obj_count % 2)
 327   5                { // end count is 1.1 2.1 3.1 ...
 328   6                  time_new_obj = HAL_GetTick() + TIMEOUT_TO_DECREASE_VALUE;
 329   6                }
 330   5                else
 331   5                {
 332   6                  time_new_obj = 0xFFFFFFFF;
 333   6                }
 334   5              }
 335   4            }
 336   3          }
 337   2          else
 338   2          {
 339   3            // ttime = HAL_GetTick() + 10;
 340   3            ss_read_fail++;
 341   3            if (ss_read_fail == 10)
 342   3            {
 343   4              // VCNL4040_init();
 344   4              sys_set_err_code(ERROR_VCNL_READ_FAIL);
 345   4            }
 346   3          }
 347   2          ttime = HAL_GetTick() + TIME_CHECK_OBJECT;
 348   2        }
 349   1      }
 350          
 351          void GPIO_Init()
 352          {
 353   1        // P0.7 input
 354   1        P0M1 |= 0x80;
 355   1        P0M2 &= 0x7F;
 356   1      }
C51 COMPILER V9.60.7.0   MAIN                                                              03/02/2025 23:10:51 PAGE 7   

 357          typedef enum
 358          {
 359            BTN_IDLE = 0,
 360            BTN_DEBOUND,
 361            BTN_CLICKED,
 362            BTN_PRESSED1_5S,
 363            BTN_PRESSED2S,
 364            BTN_PRESSED2_5S,
 365            BTN_PRESSED3S,
 366            BTN_RELEASE
 367          } _btn_state;
 368          
 369          void btn_time_click_callback()
 370          {
 371   1        if (Sys_Mode == SYS_MODE_A)
 372   1        {
 373   2          //    reset_counter();
 374   2        }
 375   1      }
 376          void btn_time_1_5sec_callback()
 377          {
 378   1        if (Sys_Mode == SYS_MODE_A)
 379   1        {
 380   2          system_shutdown();
 381   2        }
 382   1      }
 383          void btn_time_2sec_callback()
 384          {
 385   1        if (Sys_Mode == SYS_MODE_B)
 386   1        {
 387   2          //    reset_counter();
 388   2        }
 389   1      }
 390          void btn_time_2_5sec_callback()
 391          {
 392   1        if (Sys_Mode == SYS_MODE_A)
 393   1        {
 394   2          system_shutdown();
 395   2        }
 396   1      }
 397          void btn_time_3sec_callback()
 398          {
 399   1        if (Sys_Mode == SYS_MODE_B)
 400   1        {
 401   2          system_shutdown();
 402   2        }
 403   1      }
 404          
 405          data _btn_state btn_state = BTN_IDLE;
 406          
 407          void BTN_process()
 408          {
 409   1        
 410   1      
 411   1        
 412   1        if (BUTTON_PRESSED)
 413   1        {
 414   2          switch (btn_state)
 415   2          {
 416   3          case BTN_IDLE:
 417   3            btn_state = BTN_DEBOUND;
 418   3            btn_time = HAL_GetTick() + 25;
C51 COMPILER V9.60.7.0   MAIN                                                              03/02/2025 23:10:51 PAGE 8   

 419   3            break;
 420   3          case BTN_DEBOUND:
 421   3            if (HAL_GetTick() > btn_time)
 422   3            {
 423   4              btn_state = BTN_PRESSED1_5S;
 424   4              //            btn_time_click_callback();
 425   4              btn_time = HAL_GetTick() + 1500;
 426   4            }
 427   3            break;
 428   3          case BTN_PRESSED1_5S:
 429   3            if (HAL_GetTick() > btn_time)
 430   3            {
 431   4              btn_time_1_5sec_callback();
 432   4              btn_state = BTN_PRESSED2S;
 433   4              btn_time = HAL_GetTick() + 500;
 434   4            }
 435   3            break;
 436   3          case BTN_PRESSED2S:
 437   3            if (HAL_GetTick() > btn_time)
 438   3            {
 439   4              btn_time_2sec_callback();
 440   4              btn_state = BTN_PRESSED2_5S;
 441   4              btn_time = HAL_GetTick() + 500;
 442   4            }
 443   3            break;
 444   3          case BTN_PRESSED2_5S:
 445   3            if (HAL_GetTick() > btn_time)
 446   3            {
 447   4              btn_time_2_5sec_callback();
 448   4              btn_state = BTN_PRESSED3S;
 449   4              btn_time = HAL_GetTick() + 500;
 450   4            }
 451   3            break;
 452   3          case BTN_PRESSED3S:
 453   3            if (HAL_GetTick() > btn_time)
 454   3            {
 455   4              btn_time_3sec_callback();
 456   4            }
 457   3            break;
 458   3          case BTN_RELEASE:
 459   3          {
 460   4          }
 461   3          break;
 462   3          default:
 463   3            break;
 464   3          }
 465   2        }
 466   1        else
 467   1        {
 468   2          switch (btn_state)
 469   2          {
 470   3          case BTN_PRESSED1_5S:
 471   3          case BTN_PRESSED2_5S:
 472   3          case BTN_PRESSED2S:
 473   3            if (Sys_Mode == SYS_MODE_B)
 474   3            {
 475   4              btn_count++;
 476   4            }
 477   3            else if (Sys_Mode == SYS_MODE_A)
 478   3            {
 479   4              //          if(HAL_GetTick() < last_btn_time)
 480   4              //          {
C51 COMPILER V9.60.7.0   MAIN                                                              03/02/2025 23:10:51 PAGE 9   

 481   4              //            isCablibmode = 1- isCablibmode;
 482   4              //          }
 483   4              //          last_btn_time = HAL_GetTick()+500;
 484   4              reset_counter();
 485   4            }
 486   3            break;
 487   3          }
 488   2          btn_state = BTN_IDLE;
 489   2        }
 490   1      }
 491          
 492          void PinInterrupt_ISR(void) interrupt 7
 493          {
 494   1        _push_(SFRS);
 495   1      
 496   1        SFRS = 0;
 497   1        switch (PIF)
 498   1        {
 499   2        case (SET_BIT7):
 500   2        {
 501   3          PIF &= CLR_BIT7;
 502   3          break;
 503   3        }
 504   2        default:
 505   2          break;
 506   2        }
 507   1      
 508   1        _pop_(SFRS);
 509   1      }
 510          
 511          void check_non_obj_detect_timout(void)
 512          {
 513   1      
 514   1        if (old_obj_count != (obj_count + btn_count)) // dif total 2 mode
 515   1        {
 516   2          non_dect_timout = HAL_GetTick() + TIMOUT_NON_DETECT_OBJ;
 517   2          old_obj_count = (obj_count + btn_count);
 518   2        }
 519   1        else
 520   1        { // save data when data changed
 521   2          //    struct_data.cnt_mode_A = obj_count;
 522   2          //    struct_data.cnt_mode_B = btn_count;
 523   2          //    usr_write_eeprom_data(struct_data);
 524   2        }
 525   1        if (HAL_GetTick() > non_dect_timout)
 526   1        {
 527   2          system_shutdown();
 528   2        }
 529   1      }
 530          
 531          _Sys_Mode Check_system_mode()
 532          {
 533   1        if (IS_SYS_RUN_MOD_A)
 534   1        {
 535   2          return SYS_MODE_A;
 536   2        }
 537   1        return SYS_MODE_A;
 538   1      }
 539          
 540          // void WDT_ISR (void)   interrupt 10
 541          // {
 542          // _push_(SFRS);
C51 COMPILER V9.60.7.0   MAIN                                                              03/02/2025 23:10:51 PAGE 10  

 543          
 544          //   /* Config Enable WDT reset and not clear couter trig reset */
 545          //     WDT_COUNTER_CLEAR;                     /* Clear WDT counter */
 546          //     while(!(WDCON&=SET_BIT6));             /* Check for the WDT counter cleared */
 547          //     P12 = ~P12;
 548          
 549          //     CLEAR_WDT_INTERRUPT_FLAG;
 550          // _pop_(SFRS);
 551          // }
 552          
 553          // void Disable_WDT_Reset_Config(void)
 554          // {
 555          //   UINT8 cf0,cf1,cf2,cf3,cf4;
 556          
 557          //     set_CHPCON_IAPEN;
 558          //     IAPAL = 0x00;
 559          //     IAPAH = 0x00;
 560          //     IAPCN = BYTE_READ_CONFIG;
 561          //     set_IAPTRG_IAPGO;                                  //Storage CONFIG0 data
 562          //     cf0 = IAPFD;
 563          //     IAPAL = 0x01;
 564          //     set_IAPTRG_IAPGO;                                  //Storage CONFIG1 data
 565          //     cf1 = IAPFD;
 566          //     IAPAL = 0x02;
 567          //     set_IAPTRG_IAPGO;                                  //Storage CONFIG2 data
 568          //     cf2 = IAPFD;
 569          //     IAPAL = 0x03;
 570          //     set_IAPTRG_IAPGO;                                  //Storage CONFIG3 data
 571          //     cf3 = IAPFD;
 572          //     IAPAL = 0x04;
 573          //     set_IAPTRG_IAPGO;                                  //Storage CONFIG4 data
 574          //     cf4 = IAPFD;
 575          //     cf4 |= 0xF0;                                      //Moidfy Storage CONFIG4 data disable WDT reset
 576          
 577          //     set_IAPUEN_CFUEN;
 578          //     IAPCN = PAGE_ERASE_CONFIG;                        //Erase CONFIG all
 579          //     IAPAH = 0x00;
 580          //     IAPAL = 0x00;
 581          //     IAPFD = 0xFF;
 582          //     set_IAPTRG_IAPGO;
 583          
 584          //     IAPCN = BYTE_PROGRAM_CONFIG;                    //Write CONFIG
 585          //     IAPFD = cf0;
 586          //     set_IAPTRG_IAPGO;
 587          //     IAPAL = 0x01;
 588          //     IAPFD = cf1;
 589          //     set_IAPTRG_IAPGO;
 590          //     IAPAL = 0x02;
 591          //     IAPFD = cf2;
 592          //     set_IAPTRG_IAPGO;
 593          //     IAPAL = 0x03;
 594          //     IAPFD = cf3;
 595          //     set_IAPTRG_IAPGO;
 596          //     IAPAL = 0x04;
 597          //     IAPFD = cf4;
 598          //     set_IAPTRG_IAPGO;
 599          
 600          //     set_IAPUEN_CFUEN;
 601          //     clr_CHPCON_IAPEN;
 602          //     if (WDCON&SET_BIT3)
 603          //     {
 604          //       clr_WDCON_WDTRF;
C51 COMPILER V9.60.7.0   MAIN                                                              03/02/2025 23:10:51 PAGE 11  

 605          //       set_CHPCON_SWRST;
 606          //     }
 607          // }
 608          
 609          void cabib_process()
 610          {
 611   1      #if CALIBRATION_ENABLE
 612   1        data UINT16 avg;
 613   1        data UINT32 Timm_tmp = 0;
 614   1        data UINT8 count_val = 0;
 615   1        data UINT32 total = 0;
 616   1        eeprom_data_init(); // read pre data from eeprom
 617   1        if (Sys_Mode == SYS_MODE_A){  //calib mode
 618   2      
 619   2          total = 0;
 620   2          Timm = HAL_GetTick() + 1000;
 621   2          // readWord(VCNL_PS_ID,&valueps);
 622   2          if(struct_data.threshold == DETECT_THRESHOLD_NOT_SET){
 623   3            isCablibmode = 1;
 624   3            while(1)
 625   3            {
 626   4              if(HAL_GetTick() > Timm)
 627   4              {
 628   5                if(HAL_GetTick() > Timm_tmp) {
 629   6                  if(VCNL_getProximity(&valueps))
 630   6                  {
 631   7                    sys_clr_err_code();
 632   7                    ss_read_fail = 0;
 633   7                    Timm_tmp = HAL_GetTick() + 200;
 634   7                    total += valueps;
 635   7                    count_val ++;
 636   7                    if(valueps > DETECT_THRESHOLD)
 637   7                    {
 638   8                      DETECT_THRESHOLD = valueps;
 639   8                    }
 640   7                    if(count_val == 15)
 641   7                      break;
 642   7                  } else {
 643   7                    Timm_tmp = HAL_GetTick() + 100;
 644   7                    ss_read_fail++;
 645   7                    if(ss_read_fail > 10) {
 646   8                      sys_set_err_code(ERROR_VCNL_READ_FAIL);
 647   8                      VCNL4040_init();
 648   8                      break;
 649   8                    }
 650   7                  }
 651   6                }
 652   5              }
 653   4              LCD_show(valueps);
 654   4            }
 655   3            
 656   3            if(!ss_read_fail) {
 657   4              avg = (total / count_val);
 658   4              struct_data.threshold = avg +1;
 659   4              usr_write_eeprom_data();
 660   4            }
 661   3          } 
 662   2          isCablibmode=2;
 663   2          Timm_tmp = HAL_GetTick() + 500; 
 664   2          while (Timm_tmp > HAL_GetTick())
 665   2          {
 666   3            LCD_show(struct_data.threshold);
C51 COMPILER V9.60.7.0   MAIN                                                              03/02/2025 23:10:51 PAGE 12  

 667   3          }
 668   2          isCablibmode=0;
 669   2        }
 670   1      #endif
 671   1      }
 672          void main(void)
 673          {
 674   1        // sys_clr_err_code();
 675   1      
 676   1        ALL_GPIO_INPUT_MODE;
 677   1        MODIFY_HIRC(HIRC_16);
 678   1        /* Initial I2C function */
 679   1        CKDIV = 4; // 2Mhz 16/(CKDIV*2)
 680   1        GPIO_Init();
 681   1      
 682   1        non_dect_timout = 0xFFFFFF;
 683   1        Sys_Mode = Check_system_mode(); // check running mode by switch
 684   1      
 685   1        Init_I2C();
 686   1      
 687   1        LCD_INIT();
 688   1      
 689   1        Timer3_INT_Initial(DIV2, 0xFC, 0x18); // init timer for system
 690   1      
 691   1        if (VCNL4040_init() == 0)
 692   1        { // triger mode ,auto sleep
 693   2          sys_set_err_code(ERROR_VCNL_NOT_PRESENT);
 694   2        }
 695   1      
 696   1        cabib_process();
 697   1        DETECT_THRESHOLD = struct_data.threshold ;
 698   1        
 699   1        reset_counter();
 700   1        while (1)
 701   1        {
 702   2          //    WDT_COUNTER_CLEAR;                     /* Clear WDT counter */
 703   2          // if(HAL_GetTick() > Timm)
 704   2          // {
 705   2          //  Timm = HAL_GetTick() + 1000;
 706   2          //  obj_count++;
 707   2          // }
 708   2          BTN_process();
 709   2          // I2C_reset();
 710   2          if (Sys_Mode == SYS_MODE_A)
 711   2          {
 712   3            Process_VCNL();
 713   3          }
 714   2          if (Sys_Mode != Check_system_mode())
 715   2          {
 716   3            system_reset();
 717   3          }
 718   2      
 719   2          LCD_show(obj_count);
 720   2          check_non_obj_detect_timout();
 721   2        }
 722   1        /* =================== */
 723   1      }


MODULE INFORMATION:   STATIC OVERLAYABLE
   CODE SIZE        =   1989    ----
   CONSTANT SIZE    =     16    ----
C51 COMPILER V9.60.7.0   MAIN                                                              03/02/2025 23:10:51 PAGE 13  

   XDATA SIZE       =   ----    ----
   PDATA SIZE       =   ----    ----
   DATA SIZE        =     48      13
   IDATA SIZE       =   ----    ----
   BIT SIZE         =   ----    ----
   EDATA SIZE       =   ----    ----
   HDATA SIZE       =   ----    ----
   XDATA CONST SIZE =   ----    ----
   FAR CONST SIZE   =   ----    ----
END OF MODULE INFORMATION.


C51 COMPILATION COMPLETE.  0 WARNING(S),  0 ERROR(S)
