C51 COMPILER V9.60.7.0   TIMER                                                             06/24/2023 11:15:41 PAGE 1   


C51 COMPILER V9.60.7.0, COMPILATION OF MODULE TIMER
OBJECT MODULE PLACED IN .\Output\timer.obj
COMPILER INVOKED BY: D:\00.SOFTWARE\03.KeilcC51\C51\BIN\C51.EXE ..\..\..\..\Library\StdDriver\src\timer.c LARGE OMF2 OPT
                    -IMIZE(7,SPEED) BROWSE INCDIR(..\..\..\..\Library\Device\Include;..\..\..\..\Library\StdDriver\inc) DEBUG PRINT(.\lst\tim
                    -er.lst) TABS(2) OBJECT(.\Output\timer.obj)

line level    source

   1          /*--------------------------------------------------------------------------------------------------------
             --*/
   2          /*                                                                                                        
             - */
   3          /* SPDX-License-Identifier: Apache-2.0                                                                    
             - */
   4          /* Copyright(c) 2020 Nuvoton Technology Corp. All rights reserved.                                        
             - */
   5          /*                                                                                                        
             - */
   6          /*--------------------------------------------------------------------------------------------------------
             --*/
   7          
   8          
   9           #include "MS51_16K.H"
  10          
  11          //-------------------------------------------------------------------------
  12          void Timer0_Delay100us(UINT32 u32CNT)
  13          {
  14   1          clr_CKCON_T0M;                                    //T0M=0, Timer0 Clock = Fsys/12
  15   1          TMOD |= 0x01;                               //Timer0 is 16-bit mode
  16   1          set_TCON_TR0;                                    //Start Timer0
  17   1          while (u32CNT != 0)
  18   1          {
  19   2              TL0 = LOBYTE(TIMER_DIV12_VALUE_100us);  //Find  define in "Function_define.h" "TIMER VALUE"
*** ERROR C202 IN LINE 19 OF ..\..\..\..\Library\StdDriver\src\timer.c: 'TIMER_DIV12_VALUE_100us': undefined identifier
  20   2              TH0 = HIBYTE(TIMER_DIV12_VALUE_100us);
*** ERROR C202 IN LINE 20 OF ..\..\..\..\Library\StdDriver\src\timer.c: 'TIMER_DIV12_VALUE_100us': undefined identifier
  21   2              while (TF0 != 1);                       //Check Timer0 Time-Out Flag
  22   2              clr_TCON_TF0;
  23   2              u32CNT --;
  24   2          }
  25   1          clr_TCON_TR0;                                     //Stop Timer0
  26   1      }
  27          //------------------------------------------------------------------------------
  28          void Timer0_Delay1ms(UINT32 u32CNT)
  29          {
  30   1          clr_CKCON_T0M;                                    //T0M=0, Timer0 Clock = Fsys/12
  31   1          TMOD |= 0x01;                               //Timer0 is 16-bit mode
  32   1      
  33   1          while (u32CNT != 0)
  34   1          {
  35   2              TL0 = LOBYTE(TIMER_DIV12_VALUE_1ms);     //Find  define in "Function_define.h" "TIMER VALUE"
*** ERROR C202 IN LINE 35 OF ..\..\..\..\Library\StdDriver\src\timer.c: 'TIMER_DIV12_VALUE_1ms': undefined identifier
  36   2              TH0 = HIBYTE(TIMER_DIV12_VALUE_1ms);
*** ERROR C202 IN LINE 36 OF ..\..\..\..\Library\StdDriver\src\timer.c: 'TIMER_DIV12_VALUE_1ms': undefined identifier
  37   2               set_TCON_TR0;                                    //Start Timer0
  38   2              while (TF0 != 1);                       //Check Timer0 Time-Out Flag
  39   2              clr_TCON_TF0;
  40   2              u32CNT --;
  41   2          }
  42   1          clr_TCON_TR0;                                    //Stop Timer0
  43   1      }
C51 COMPILER V9.60.7.0   TIMER                                                             06/24/2023 11:15:41 PAGE 2   

  44          //------------------------------------------------------------------------------
  45          void Timer1_Delay10ms(UINT32 u32CNT)
  46          {
  47   1          clr_CKCON_T1M;                                    //T1M=0, Timer1 Clock = Fsys/12
  48   1          TMOD |= 0x10;                                //Timer1 is 16-bit mode
  49   1          set_TCON_TR1;                                    //Start Timer1
  50   1          while (u32CNT != 0)
  51   1          {
  52   2              TL1 = LOBYTE(TIMER_DIV12_VALUE_10ms);    //Find  define in "Function_define.h" "TIMER VALUE"
*** ERROR C202 IN LINE 52 OF ..\..\..\..\Library\StdDriver\src\timer.c: 'TIMER_DIV12_VALUE_10ms': undefined identifier
  53   2              TH1 = HIBYTE(TIMER_DIV12_VALUE_10ms);
*** ERROR C202 IN LINE 53 OF ..\..\..\..\Library\StdDriver\src\timer.c: 'TIMER_DIV12_VALUE_10ms': undefined identifier
  54   2              while (TF1 != 1);                        //Check Timer1 Time-Out Flag
  55   2              clr_TCON_TF1;
  56   2              u32CNT --;
  57   2          }
  58   1          clr_TCON_TR1;                                     //Stop Timer1
  59   1      }
  60          //------------------------------------------------------------------------------
  61          void Timer2_Delay500us(UINT8 u8CNT)
  62          {
  63   1          SFRS = 0;
  64   1          T2MOD&=0x8F;T2MOD|=0x10;                                   //Timer2 Clock = Fsys/4 
  65   1          clr_T2CON_CMRL2;
  66   1          set_T2MOD_LDEN;
  67   1          set_T2MOD_CMPCR;
  68   1      
  69   1          while (u8CNT != 0)
  70   1          {
  71   2              TL2 = LOBYTE(TIMER_DIV4_VALUE_500us);    //Find  define in "Function_define.h" "TIMER VALUE"
*** ERROR C202 IN LINE 71 OF ..\..\..\..\Library\StdDriver\src\timer.c: 'TIMER_DIV4_VALUE_500us': undefined identifier
  72   2              TH2 = HIBYTE(TIMER_DIV4_VALUE_500us);
*** ERROR C202 IN LINE 72 OF ..\..\..\..\Library\StdDriver\src\timer.c: 'TIMER_DIV4_VALUE_500us': undefined identifier
  73   2              set_T2CON_TR2;
  74   2              while (TF2 == 0);                       //Check Timer2 Time-Out Flag
  75   2              clr_T2CON_TF2;
  76   2              u8CNT --;
  77   2          }
  78   1          clr_T2CON_TR2;                                    //Stop Timer2
  79   1      }
  80          void Timer2_Delay1ms(unsigned char u8CNT)
  81          {
  82   1          SFRS = 0;
  83   1          T2MOD&=0x8F;T2MOD|=0x10;                                   //Timer2 Clock = Fsys/4 
  84   1          clr_T2CON_CMRL2;
  85   1          set_T2MOD_LDEN;
  86   1          set_T2MOD_CMPCR;
  87   1      
  88   1          while (u8CNT != 0)
  89   1          {        TL2 = LOBYTE(TIMER_DIV4_VALUE_1ms);    //Find  define in "Function_define.h" "TIMER VALUE"
*** ERROR C202 IN LINE 89 OF ..\..\..\..\Library\StdDriver\src\timer.c: 'TIMER_DIV4_VALUE_1ms': undefined identifier
  90   2              TH2 = HIBYTE(TIMER_DIV4_VALUE_1ms);
*** ERROR C202 IN LINE 90 OF ..\..\..\..\Library\StdDriver\src\timer.c: 'TIMER_DIV4_VALUE_1ms': undefined identifier
  91   2              set_T2CON_TR2;
  92   2              while (TF2 == 0);                       //Check Timer2 Time-Out Flag
  93   2              clr_T2CON_TF2;
  94   2              u8CNT --;
  95   2          }
  96   1          clr_T2CON_TR2;                                    //Stop Timer2
  97   1      }
  98          //------------------------------------------------------------------------------
  99          void Timer3_Delay100ms(UINT32 u32CNT)
C51 COMPILER V9.60.7.0   TIMER                                                             06/24/2023 11:15:41 PAGE 3   

 100          {
 101   1          T3CON = 0x07;                               //Timer3 Clock = Fsys/128
 102   1          set_T3CON_TR3;                                    //Trigger Timer3
 103   1          while (u32CNT != 0)
 104   1          {
 105   2              RL3 = LOBYTE(TIMER_DIV128_VALUE_100ms); //Find  define in "Function_define.h" "TIMER VALUE"
*** ERROR C202 IN LINE 105 OF ..\..\..\..\Library\StdDriver\src\timer.c: 'TIMER_DIV128_VALUE_100ms': undefined identifie
             -r
 106   2              RH3 = HIBYTE(TIMER_DIV128_VALUE_100ms);
*** ERROR C202 IN LINE 106 OF ..\..\..\..\Library\StdDriver\src\timer.c: 'TIMER_DIV128_VALUE_100ms': undefined identifie
             -r
 107   2              while ((T3CON&SET_BIT4) != SET_BIT4);    //Check Timer3 Time-Out Flag
 108   2              clr_T3CON_TF3;
 109   2              u32CNT --;
 110   2          }
 111   1          clr_T3CON_TR3;                                    //Stop Timer3
 112   1      }
 113          //------------------------------------------------------------------------------
 114          void Timer3_Delay10us(UINT32 u32CNT)
 115          {
 116   1          T3CON = 0x02;                               //Timer3 Clock = Fsys/4
 117   1          set_T3CON_TR3;                                    //Trigger Timer3
 118   1          while (u32CNT != 0)
 119   1          {
 120   2              RL3 = LOBYTE(TIMER_DIV4_VALUE_10us); //Find  define in "Function_define.h" "TIMER VALUE"
*** ERROR C202 IN LINE 120 OF ..\..\..\..\Library\StdDriver\src\timer.c: 'TIMER_DIV4_VALUE_10us': undefined identifier
 121   2              RH3 = HIBYTE(TIMER_DIV4_VALUE_10us);
*** ERROR C202 IN LINE 121 OF ..\..\..\..\Library\StdDriver\src\timer.c: 'TIMER_DIV4_VALUE_10us': undefined identifier
 122   2              while ((T3CON&SET_BIT4) != SET_BIT4);    //Check Timer3 Time-Out Flag
 123   2              clr_T3CON_TF3;
 124   2              u32CNT --;
 125   2          }
 126   1          clr_T3CON_TR3;                                    //Stop Timer3
 127   1      }

C51 COMPILATION COMPLETE.  0 WARNING(S),  14 ERROR(S)
